---
source: dump/src/reader/mod.rs
expression: spells.settings().unwrap()
---
{
  "displayedAttributes": [
    "*"
  ],
  "searchableAttributes": [
    "*"
  ],
  "filterableAttributes": [],
  "rankingRules": [
    "words",
    "typo",
    "proximity",
    "attribute",
    "exactness"
  ],
  "stopWords": [],
  "synonyms": {},
  "distinctAttribute": null
}
