---
source: dump/src/reader/v3/mod.rs
expression: movies.settings().unwrap()
---
{
  "displayedAttributes": [
    "*"
  ],
  "searchableAttributes": [
    "*"
  ],
  "filterableAttributes": [
    "genres",
    "id"
  ],
  "sortableAttributes": [
    "release_date"
  ],
  "rankingRules": [
    "words",
    "typo",
    "proximity",
    "attribute",
    "sort",
    "exactness",
    "release_date:asc"
  ],
  "stopWords": [],
  "synonyms": {},
  "distinctAttribute": null
}
