---
source: dump/src/reader/compat/v5_to_v6.rs
expression: movies.settings().unwrap()
---
{
  "displayedAttributes": [
    "*"
  ],
  "searchableAttributes": [
    "*"
  ],
  "filterableAttributes": [
    "genres",
    "id"
  ],
  "sortableAttributes": [
    "release_date"
  ],
  "rankingRules": [
    "words",
    "typo",
    "proximity",
    "attribute",
    "sort",
    "exactness",
    "release_date:asc"
  ],
  "stopWords": [],
  "synonyms": {},
  "distinctAttribute": null,
  "typoTolerance": {
    "enabled": true,
    "minWordSizeForTypos": {
      "oneTypo": 5,
      "twoTypos": 9
    },
    "disableOnWords": [],
    "disableOnAttributes": []
  },
  "faceting": {
    "maxValuesPerFacet": 100
  },
  "pagination": {
    "maxTotalHits": 1000
  }
}
