---
source: crates/meilisearch/tests/dumps/mod.rs
---
{
  "results": [
    {
      "uid": 0,
      "batchUid": null,
      "indexUid": "indexUID",
      "status": "succeeded",
      "type": "documentAdditionOrUpdate",
      "canceledBy": null,
      "details": {
        "receivedDocuments": 0,
        "indexedDocuments": 31944
      },
      "error": null,
      "duration": "PT41.751156S",
      "enqueuedAt": "2021-09-08T08:30:30.550282Z",
      "startedAt": "2021-09-08T08:30:30.553012Z",
      "finishedAt": "2021-09-08T08:31:12.304168Z"
    }
  ],
  "total": 1,
  "limit": 1,
  "from": 0,
  "next": null
}
